{
  "status": "FAIL",
  "pad_termination_count": 4,
  "new_via_count": 0,
  "unresolved_contacts": 0,
  "redundant_spurs": [],
  "per_net": {
    "RPM_LV": {
      "added_tracks": 5,
      "added_vias": 0,
      "total_native_tracks": 5,
      "new_pad_termination_count": 2,
      "scope": "Added-route endpoints only; not a full-net completion claim"
    },
    "SBUS_HV": {
      "added_tracks": 9,
      "added_vias": 0,
      "total_native_tracks": 9,
      "new_pad_termination_count": 2,
      "scope": "Added-route endpoints only; not a full-net completion claim"
    }
  },
  "summary": {
    "pad_terminations_verified": 2,
    "minimum_positive_pad_depth_mm": 0.03458999999999968,
    "minimum_full_width_pad_transverse_entry_length_mm": 0.0,
    "full_width_actual_annular_strip_count": 0,
    "minimum_full_width_annular_strip_length_mm": null,
    "minimum_annular_section_boundary_reserve_mm": null,
    "redundant_via_spurs_retained_as_non_evidence": 0,
    "incidental_side_overlaps_not_used_as_entry_evidence": 0
  },
  "report": "candidate23/endpoint-audit.json"
}
